// Jest Snapshot v1, https://goo.gl/fbAQLP

exports[`<CommentCard /> renders correctly 1`] = `
<View
  collapsable={false}
  entering={[Function]}
  exiting={[Function]}
  jestAnimatedStyle={
    {
      "value": {},
    }
  }
  style={
    {
      "backgroundColor": "white",
      "borderRadius": 12,
      "marginBottom": 16,
      "padding": 16,
      "shadowColor": "#000",
      "shadowOffset": {
        "height": 2,
        "width": 0,
      },
      "shadowOpacity": 0.1,
      "shadowRadius": 8,
      "transform": [
        {
          "scale": 1,
        },
      ],
    }
  }
>
  <View
    style={
      [
        [
          {
            "flexDirection": "row",
          },
          {
            "alignItems": "center",
          },
          {
            "marginBottom": 8,
          },
        ],
      ]
    }
  >
    <View
      style={
        [
          [
            {
              "width": 40,
            },
            {
              "height": 40,
            },
            {
              "backgroundColor": "#d1d5db",
            },
            {
              "borderBottomLeftRadius": 9999,
              "borderBottomRightRadius": 9999,
              "borderTopLeftRadius": 9999,
              "borderTopRightRadius": 9999,
            },
            {
              "overflow": "hidden",
            },
          ],
        ]
      }
    >
      <Image
        source={
          {
            "uri": "https://robohash.org/1.png",
          }
        }
        style={
          [
            [
              {
                "width": "100%",
              },
              {
                "height": "100%",
              },
            ],
          ]
        }
      />
    </View>
    <View
      style={
        [
          [
            {
              "marginLeft": 12,
            },
          ],
        ]
      }
    >
      <Text
        style={
          [
            [
              {
                "fontWeight": "700",
              },
              {
                "fontSize": 18,
                "lineHeight": 28,
              },
              {
                "color": "#111827",
              },
            ],
          ]
        }
      >
        Test User
      </Text>
    </View>
  </View>
  <Text
    style={
      [
        [
          {
            "color": "#374151",
          },
        ],
      ]
    }
  >
    This is a test comment.
  </Text>
</View>
`;
