// Jest Snapshot v1, https://goo.gl/fbAQLP

exports[`<PostCard /> renders correctly 1`] = `
<View
  accessibilityState={
    {
      "busy": undefined,
      "checked": undefined,
      "disabled": undefined,
      "expanded": undefined,
      "selected": undefined,
    }
  }
  accessibilityValue={
    {
      "max": undefined,
      "min": undefined,
      "now": undefined,
      "text": undefined,
    }
  }
  accessible={true}
  collapsable={false}
  focusable={true}
  onClick={[Function]}
  onResponderGrant={[Function]}
  onResponderMove={[Function]}
  onResponderRelease={[Function]}
  onResponderTerminate={[Function]}
  onResponderTerminationRequest={[Function]}
  onStartShouldSetResponder={[Function]}
  style={
    {
      "backgroundColor": "#fff",
      "borderBottomLeftRadius": 8,
      "borderBottomRightRadius": 8,
      "borderTopLeftRadius": 8,
      "borderTopRightRadius": 8,
      "marginBottom": 16,
      "opacity": 1,
      "paddingBottom": 16,
      "paddingLeft": 16,
      "paddingRight": 16,
      "paddingTop": 16,
      "shadowColor": "rgba(0, 0, 0, 0.1)",
      "shadowOffset": {
        "height": 10,
        "width": 0,
      },
      "shadowOpacity": 1,
      "shadowRadius": 15,
    }
  }
>
  <View
    style={
      [
        [
          {
            "flexDirection": "row",
          },
          {
            "alignItems": "center",
          },
          {
            "marginBottom": 8,
          },
          {
            "paddingBottom": 8,
            "paddingLeft": 8,
            "paddingRight": 8,
            "paddingTop": 8,
          },
        ],
      ]
    }
  >
    <View
      style={
        [
          [
            {
              "width": 40,
            },
            {
              "height": 40,
            },
            {
              "backgroundColor": "#d1d5db",
            },
            {
              "borderBottomLeftRadius": 9999,
              "borderBottomRightRadius": 9999,
              "borderTopLeftRadius": 9999,
              "borderTopRightRadius": 9999,
            },
            {
              "overflow": "hidden",
            },
          ],
        ]
      }
    >
      <Image
        source={
          {
            "uri": "https://robohash.org/1.png",
          }
        }
        style={
          [
            [
              {
                "width": "100%",
              },
              {
                "height": "100%",
              },
            ],
          ]
        }
      />
    </View>
    <View
      style={
        [
          [
            {
              "marginLeft": 12,
            },
          ],
        ]
      }
    >
      <Text
        style={
          [
            [
              {
                "fontWeight": "700",
              },
              {
                "fontSize": 18,
                "lineHeight": 28,
              },
              {
                "color": "#111827",
              },
            ],
          ]
        }
      >
        Test Post
      </Text>
      <Text
        style={
          [
            [
              {
                "fontSize": 14,
                "lineHeight": 20,
              },
              {
                "color": "#6b7280",
              },
            ],
          ]
        }
      >
        by User 
        1
      </Text>
    </View>
  </View>
  <Text
    style={
      [
        [
          {
            "color": "#374151",
          },
        ],
      ]
    }
  >
    This is a test post body.
  </Text>
</View>
`;
