// Jest Snapshot v1, https://goo.gl/fbAQLP

exports[`<UserAvatar /> renders correctly 1`] = `
<View
  style={
    [
      [
        {
          "width": 40,
        },
        {
          "height": 40,
        },
        {
          "backgroundColor": "#d1d5db",
        },
        {
          "borderBottomLeftRadius": 9999,
          "borderBottomRightRadius": 9999,
          "borderTopLeftRadius": 9999,
          "borderTopRightRadius": 9999,
        },
        {
          "overflow": "hidden",
        },
      ],
    ]
  }
>
  <Image
    source={
      {
        "uri": "https://robohash.org/1.png",
      }
    }
    style={
      [
        [
          {
            "width": "100%",
          },
          {
            "height": "100%",
          },
        ],
      ]
    }
  />
</View>
`;
